

================================================================
== Vivado HLS Report for 'doHistStretch'
================================================================
* Date:           Tue Jun 21 00:24:27 2016

* Version:        2016.1 (Build 1538259 on Fri Apr 08 16:12:49 MDT 2016)
* Project:        image_contrast_adj
* Solution:       solution1
* Product family: zynq
* Target device:  xc7z020clg484-1


================================================================
== Performance Estimates
================================================================
+ Timing (ns): 
    * Summary: 
    +--------+-------+----------+------------+
    |  Clock | Target| Estimated| Uncertainty|
    +--------+-------+----------+------------+
    |ap_clk  |  10.00|      8.13|        1.25|
    +--------+-------+----------+------------+

+ Latency (clock cycles): 
    * Summary: 
    +--------+--------+--------+--------+---------+
    |     Latency     |     Interval    | Pipeline|
    |   min  |   max  |   min  |   max  |   Type  |
    +--------+--------+--------+--------+---------+
    |  262177|  262177|  262178|  262178|   none  |
    +--------+--------+--------+--------+---------+

    + Detail: 
        * Instance: 
        N/A

        * Loop: 
        +----------+--------+--------+----------+-----------+-----------+--------+----------+
        |          |     Latency     | Iteration|  Initiation Interval  |  Trip  |          |
        | Loop Name|   min  |   max  |  Latency |  achieved |   target  |  Count | Pipelined|
        +----------+--------+--------+----------+-----------+-----------+--------+----------+
        |- Loop 1  |  262169|  262169|        27|          1|          1|  262144|    yes   |
        +----------+--------+--------+----------+-----------+-----------+--------+----------+



================================================================
== Utilization Estimates
================================================================
* Summary: 
+-----------------+---------+-------+--------+-------+
|       Name      | BRAM_18K| DSP48E|   FF   |  LUT  |
+-----------------+---------+-------+--------+-------+
|DSP              |        -|      -|       -|      -|
|Expression       |        -|      -|       0|    302|
|FIFO             |        -|      -|       -|      -|
|Instance         |        0|      3|    1308|   1941|
|Memory           |        -|      -|       -|      -|
|Multiplexer      |        -|      -|       -|     59|
|Register         |        -|      -|     224|     17|
+-----------------+---------+-------+--------+-------+
|Total            |        0|      3|    1532|   2319|
+-----------------+---------+-------+--------+-------+
|Available        |      280|    220|  106400|  53200|
+-----------------+---------+-------+--------+-------+
|Utilization (%)  |        0|      1|       1|      4|
+-----------------+---------+-------+--------+-------+

+ Detail: 
    * Instance: 
    +----------------------------------------------+-------------------------------------------+---------+-------+-----+-----+
    |                   Instance                   |                   Module                  | BRAM_18K| DSP48E|  FF | LUT |
    +----------------------------------------------+-------------------------------------------+---------+-------+-----+-----+
    |doHistStretch_CTRL_BUS_s_axi_U                |doHistStretch_CTRL_BUS_s_axi               |        0|      0|   64|   72|
    |doHistStretch_fdiv_32ns_32ns_32_16_U2         |doHistStretch_fdiv_32ns_32ns_32_16         |        0|      0|  761|  994|
    |doHistStretch_fmul_32ns_32ns_32_4_max_dsp_U1  |doHistStretch_fmul_32ns_32ns_32_4_max_dsp  |        0|      3|  143|  321|
    |doHistStretch_sitofp_32s_32_6_U3              |doHistStretch_sitofp_32s_32_6              |        0|      0|  340|  554|
    +----------------------------------------------+-------------------------------------------+---------+-------+-----+-----+
    |Total                                         |                                           |        0|      3| 1308| 1941|
    +----------------------------------------------+-------------------------------------------+---------+-------+-----+-----+

    * DSP48: 
    N/A

    * Memory: 
    N/A

    * FIFO: 
    N/A

    * Expression: 
    +-----------------------+----------+-------+---+-----+------------+------------+
    |     Variable Name     | Operation| DSP48E| FF| LUT | Bitwidth P0| Bitwidth P1|
    +-----------------------+----------+-------+---+-----+------------+------------+
    |idxPixel_1_fu_203_p2   |     +    |      0|  0|   19|          19|           1|
    |sh_assign_fu_283_p2    |     +    |      0|  0|    9|           8|           9|
    |tmp_1_fu_186_p2        |     -    |      0|  0|    9|           9|           9|
    |tmp_4_fu_241_p2        |     -    |      0|  0|    9|           9|           9|
    |tmp_4_i_i_fu_297_p2    |     -    |      0|  0|    8|           7|           8|
    |ap_sig_192             |    and   |      0|  0|    1|           1|           1|
    |exitcond_fu_197_p2     |   icmp   |      0|  0|    7|          19|          20|
    |tmp_7_i_i_fu_326_p2    |   lshr   |      0|  0|   63|          24|          24|
    |outStream_TDATA        |  select  |      0|  0|    8|           1|           8|
    |sh_assign_1_fu_306_p3  |  select  |      0|  0|    9|           1|           9|
    |tmp_9_i_i_fu_332_p2    |    shl   |      0|  0|  160|          54|          54|
    +-----------------------+----------+-------+---+-----+------------+------------+
    |Total                  |          |      0|  0|  302|         152|         152|
    +-----------------------+----------+-------+---+-----+------------+------------+

    * Multiplexer: 
    +---------------------------------+----+-----------+-----+-----------+
    |               Name              | LUT| Input Size| Bits| Total Bits|
    +---------------------------------+----+-----------+-----+-----------+
    |ap_NS_fsm                        |   4|         10|    1|         10|
    |ap_reg_ppiten_pp0_it26           |   1|          2|    1|          2|
    |ap_sig_ioackin_outStream_TREADY  |   1|          2|    1|          2|
    |grp_fu_177_p0                    |  32|          3|   32|         96|
    |idxPixel_reg_157                 |  19|          2|   19|         38|
    |inStream_TDATA_blk_n             |   1|          2|    1|          2|
    |outStream_TDATA_blk_n            |   1|          2|    1|          2|
    +---------------------------------+----+-----------+-----+-----------+
    |Total                            |  59|         23|   56|        152|
    +---------------------------------+----+-----------+-----+-----------+

    * Register: 
    +---------------------------------+----+----+-----+-----------+
    |               Name              | FF | LUT| Bits| Const Bits|
    +---------------------------------+----+----+-----+-----------+
    |ap_CS_fsm                        |   9|   0|    9|          0|
    |ap_reg_ioackin_outStream_TREADY  |   1|   0|    1|          0|
    |ap_reg_ppiten_pp0_it0            |   1|   0|    1|          0|
    |ap_reg_ppiten_pp0_it1            |   1|   0|    1|          0|
    |ap_reg_ppiten_pp0_it10           |   1|   0|    1|          0|
    |ap_reg_ppiten_pp0_it11           |   1|   0|    1|          0|
    |ap_reg_ppiten_pp0_it12           |   1|   0|    1|          0|
    |ap_reg_ppiten_pp0_it13           |   1|   0|    1|          0|
    |ap_reg_ppiten_pp0_it14           |   1|   0|    1|          0|
    |ap_reg_ppiten_pp0_it15           |   1|   0|    1|          0|
    |ap_reg_ppiten_pp0_it16           |   1|   0|    1|          0|
    |ap_reg_ppiten_pp0_it17           |   1|   0|    1|          0|
    |ap_reg_ppiten_pp0_it18           |   1|   0|    1|          0|
    |ap_reg_ppiten_pp0_it19           |   1|   0|    1|          0|
    |ap_reg_ppiten_pp0_it2            |   1|   0|    1|          0|
    |ap_reg_ppiten_pp0_it20           |   1|   0|    1|          0|
    |ap_reg_ppiten_pp0_it21           |   1|   0|    1|          0|
    |ap_reg_ppiten_pp0_it22           |   1|   0|    1|          0|
    |ap_reg_ppiten_pp0_it23           |   1|   0|    1|          0|
    |ap_reg_ppiten_pp0_it24           |   1|   0|    1|          0|
    |ap_reg_ppiten_pp0_it25           |   1|   0|    1|          0|
    |ap_reg_ppiten_pp0_it26           |   1|   0|    1|          0|
    |ap_reg_ppiten_pp0_it3            |   1|   0|    1|          0|
    |ap_reg_ppiten_pp0_it4            |   1|   0|    1|          0|
    |ap_reg_ppiten_pp0_it5            |   1|   0|    1|          0|
    |ap_reg_ppiten_pp0_it6            |   1|   0|    1|          0|
    |ap_reg_ppiten_pp0_it7            |   1|   0|    1|          0|
    |ap_reg_ppiten_pp0_it8            |   1|   0|    1|          0|
    |ap_reg_ppiten_pp0_it9            |   1|   0|    1|          0|
    |exitcond_reg_394                 |   1|   0|    1|          0|
    |idxPixel_reg_157                 |  19|   0|   19|          0|
    |loc_V_1_reg_454                  |  23|   0|   23|          0|
    |loc_V_reg_448                    |   8|   0|    8|          0|
    |tmp_5_reg_438                    |  32|   0|   32|          0|
    |tmp_6_reg_443                    |  32|   0|   32|          0|
    |tmp_cast_reg_379                 |   8|   0|    9|          1|
    |tmp_dest_V_reg_428               |   6|   0|    6|          0|
    |tmp_id_V_reg_423                 |   5|   0|    5|          0|
    |tmp_keep_V_reg_403               |   1|   0|    1|          0|
    |tmp_last_V_reg_418               |   1|   0|    1|          0|
    |tmp_strb_V_reg_408               |   1|   0|    1|          0|
    |tmp_user_V_reg_413               |   2|   0|    2|          0|
    |xMax_minus_xMin_reg_389          |  32|   0|   32|          0|
    |xMax_read_reg_369                |   8|   0|    8|          0|
    |xMin_read_reg_374                |   8|   0|    8|          0|
    |exitcond_reg_394                 |   0|   1|    1|          0|
    |tmp_dest_V_reg_428               |   0|   6|    6|          0|
    |tmp_id_V_reg_423                 |   0|   5|    5|          0|
    |tmp_keep_V_reg_403               |   0|   1|    1|          0|
    |tmp_last_V_reg_418               |   0|   1|    1|          0|
    |tmp_strb_V_reg_408               |   0|   1|    1|          0|
    |tmp_user_V_reg_413               |   0|   2|    2|          0|
    +---------------------------------+----+----+-----+-----------+
    |Total                            | 224|  17|  242|          1|
    +---------------------------------+----+----+-----+-----------+



================================================================
== Interface
================================================================
* Summary: 
+------------------------+-----+-----+------------+--------------------+--------------+
|        RTL Ports       | Dir | Bits|  Protocol  |    Source Object   |    C Type    |
+------------------------+-----+-----+------------+--------------------+--------------+
|s_axi_CTRL_BUS_AWVALID  |  in |    1|    s_axi   |      CTRL_BUS      |    scalar    |
|s_axi_CTRL_BUS_AWREADY  | out |    1|    s_axi   |      CTRL_BUS      |    scalar    |
|s_axi_CTRL_BUS_AWADDR   |  in |    5|    s_axi   |      CTRL_BUS      |    scalar    |
|s_axi_CTRL_BUS_WVALID   |  in |    1|    s_axi   |      CTRL_BUS      |    scalar    |
|s_axi_CTRL_BUS_WREADY   | out |    1|    s_axi   |      CTRL_BUS      |    scalar    |
|s_axi_CTRL_BUS_WDATA    |  in |   32|    s_axi   |      CTRL_BUS      |    scalar    |
|s_axi_CTRL_BUS_WSTRB    |  in |    4|    s_axi   |      CTRL_BUS      |    scalar    |
|s_axi_CTRL_BUS_ARVALID  |  in |    1|    s_axi   |      CTRL_BUS      |    scalar    |
|s_axi_CTRL_BUS_ARREADY  | out |    1|    s_axi   |      CTRL_BUS      |    scalar    |
|s_axi_CTRL_BUS_ARADDR   |  in |    5|    s_axi   |      CTRL_BUS      |    scalar    |
|s_axi_CTRL_BUS_RVALID   | out |    1|    s_axi   |      CTRL_BUS      |    scalar    |
|s_axi_CTRL_BUS_RREADY   |  in |    1|    s_axi   |      CTRL_BUS      |    scalar    |
|s_axi_CTRL_BUS_RDATA    | out |   32|    s_axi   |      CTRL_BUS      |    scalar    |
|s_axi_CTRL_BUS_RRESP    | out |    2|    s_axi   |      CTRL_BUS      |    scalar    |
|s_axi_CTRL_BUS_BVALID   | out |    1|    s_axi   |      CTRL_BUS      |    scalar    |
|s_axi_CTRL_BUS_BREADY   |  in |    1|    s_axi   |      CTRL_BUS      |    scalar    |
|s_axi_CTRL_BUS_BRESP    | out |    2|    s_axi   |      CTRL_BUS      |    scalar    |
|ap_clk                  |  in |    1| ap_ctrl_hs |    doHistStretch   | return value |
|ap_rst_n                |  in |    1| ap_ctrl_hs |    doHistStretch   | return value |
|interrupt               | out |    1| ap_ctrl_hs |    doHistStretch   | return value |
|inStream_TDATA          |  in |    8|    axis    |  inStream_V_data_V |    pointer   |
|inStream_TVALID         |  in |    1|    axis    |  inStream_V_data_V |    pointer   |
|inStream_TREADY         | out |    1|    axis    |  inStream_V_dest_V |    pointer   |
|inStream_TDEST          |  in |    6|    axis    |  inStream_V_dest_V |    pointer   |
|inStream_TKEEP          |  in |    1|    axis    |  inStream_V_keep_V |    pointer   |
|inStream_TSTRB          |  in |    1|    axis    |  inStream_V_strb_V |    pointer   |
|inStream_TUSER          |  in |    2|    axis    |  inStream_V_user_V |    pointer   |
|inStream_TLAST          |  in |    1|    axis    |  inStream_V_last_V |    pointer   |
|inStream_TID            |  in |    5|    axis    |   inStream_V_id_V  |    pointer   |
|outStream_TDATA         | out |    8|    axis    | outStream_V_data_V |    pointer   |
|outStream_TVALID        | out |    1|    axis    | outStream_V_dest_V |    pointer   |
|outStream_TREADY        |  in |    1|    axis    | outStream_V_dest_V |    pointer   |
|outStream_TDEST         | out |    6|    axis    | outStream_V_dest_V |    pointer   |
|outStream_TKEEP         | out |    1|    axis    | outStream_V_keep_V |    pointer   |
|outStream_TSTRB         | out |    1|    axis    | outStream_V_strb_V |    pointer   |
|outStream_TUSER         | out |    2|    axis    | outStream_V_user_V |    pointer   |
|outStream_TLAST         | out |    1|    axis    | outStream_V_last_V |    pointer   |
|outStream_TID           | out |    5|    axis    |  outStream_V_id_V  |    pointer   |
+------------------------+-----+-----+------------+--------------------+--------------+

